Component: ARM Compiler 6.16 Tool: armlink [5dfeaa00]

==============================================================================

Section Cross References

    main.o(BLG212PROJE) refers to startup_armcm0.o(.text) for Reset_Handler
    startup_armcm0.o(STACK) refers (Special) to heapauxi.o(.text) for __use_two_region_memory
    startup_armcm0.o(RESET) refers (Special) to heapauxi.o(.text) for __use_two_region_memory
    startup_armcm0.o(RESET) refers to startup_armcm0.o(STACK) for __initial_sp
    startup_armcm0.o(RESET) refers to startup_armcm0.o(.text) for Reset_Handler
    startup_armcm0.o(RESET) refers to startup_armcm0.o(button) for Button_Handler
    startup_armcm0.o(HEAP) refers (Special) to heapauxi.o(.text) for __use_two_region_memory
    startup_armcm0.o(.text) refers (Special) to heapauxi.o(.text) for __use_two_region_memory
    startup_armcm0.o(.text) refers to main.o(BLG212PROJE) for __main
    startup_armcm0.o(button) refers (Special) to heapauxi.o(.text) for __use_two_region_memory
    startup_armcm0.o(button) refers to main.o(BLG212PROJE) for _GKRmovementup
    system_armcm0.o(.text.SystemCoreClockUpdate) refers to system_armcm0.o(.data.SystemCoreClock) for SystemCoreClock
    system_armcm0.o(.ARM.exidx.text.SystemCoreClockUpdate) refers to system_armcm0.o(.text.SystemCoreClockUpdate) for [Anonymous Symbol]
    system_armcm0.o(.text.SystemInit) refers to system_armcm0.o(.data.SystemCoreClock) for SystemCoreClock
    system_armcm0.o(.ARM.exidx.text.SystemInit) refers to system_armcm0.o(.text.SystemInit) for [Anonymous Symbol]


==============================================================================

Removing Unused input sections from the image.

    Removing startup_armcm0.o(HEAP), (3072 bytes).
    Removing system_armcm0.o(.text), (0 bytes).
    Removing system_armcm0.o(.text.SystemCoreClockUpdate), (16 bytes).
    Removing system_armcm0.o(.ARM.exidx.text.SystemCoreClockUpdate), (8 bytes).
    Removing system_armcm0.o(.text.SystemInit), (16 bytes).
    Removing system_armcm0.o(.ARM.exidx.text.SystemInit), (8 bytes).
    Removing system_armcm0.o(.data.SystemCoreClock), (4 bytes).

7 unused section(s) (total 3124 bytes) removed from the image.

==============================================================================

Image Symbol Table

    Local Symbols

    Symbol Name                              Value     Ov Type        Size  Object(Section)

    ../clib/heapaux.c                        0x00000000   Number         0  heapauxi.o ABSOLUTE
    RTE/Device/ARMCM0/startup_ARMCM0.s       0x00000000   Number         0  startup_armcm0.o ABSOLUTE
    dc.s                                     0x00000000   Number         0  dc.o ABSOLUTE
    main.s                                   0x00000000   Number         0  main.o ABSOLUTE
    system_ARMCM0.c                          0x00000000   Number         0  system_armcm0.o ABSOLUTE
    RESET                                    0x00000000   Section       68  startup_armcm0.o(RESET)
    .text                                    0x00000044   Section       32  startup_armcm0.o(.text)
    .text                                    0x00000064   Section        0  heapauxi.o(.text)
    _DEFINITIONS                             0x0000006d   Thumb Code    38  main.o(BLG212PROJE)
    BLG212PROJE                              0x0000006c   Section     1120  main.o(BLG212PROJE)
    _createball                              0x00000093   Thumb Code    38  main.o(BLG212PROJE)
    _creategkleft                            0x000000b9   Thumb Code    42  main.o(BLG212PROJE)
    _creategkright                           0x000000e3   Thumb Code    42  main.o(BLG212PROJE)
    _ballmovement                            0x00000117   Thumb Code    84  main.o(BLG212PROJE)
    _coefC                                   0x0000016b   Thumb Code    46  main.o(BLG212PROJE)
    _coefR                                   0x00000199   Thumb Code    34  main.o(BLG212PROJE)
    _prepositiondeleter                      0x000001bb   Thumb Code    48  main.o(BLG212PROJE)
    _delay                                   0x000001eb   Thumb Code    10  main.o(BLG212PROJE)
    _clear                                   0x000003e1   Thumb Code    10  main.o(BLG212PROJE)
    _goalleft                                0x000003eb   Thumb Code    34  main.o(BLG212PROJE)
    _goalright                               0x0000040d   Thumb Code    32  main.o(BLG212PROJE)
    button                                   0x000004cc   Section      116  startup_armcm0.o(button)
    STACK                                    0x20000000   Section     1024  startup_armcm0.o(STACK)

    Global Symbols

    Symbol Name                              Value     Ov Type        Size  Object(Section)

    BuildAttributes$$THM_ISAv3M$S$PE$A:L22$X:L11$S22$IEEE1$IW$~IW$USESV6$~STKCKD$USESV7$~SHL$OTIME$ROPI$EBA8$STANDARDLIB$REQ8$EABIv2 0x00000000   Number         0  anon$$obj.o ABSOLUTE
    __Vectors                                0x00000000   Data           4  startup_armcm0.o(RESET)
    Reset_Handler                            0x00000045   Thumb Code    12  startup_armcm0.o(.text)
    __Vectors_End                            0x00000044   Data           0  startup_armcm0.o(RESET)
    __Vectors_Size                           0x00000044   Number         0  startup_armcm0.o ABSOLUTE
    HardFault_Handler                        0x00000051   Thumb Code     2  startup_armcm0.o(.text)
    NMI_Handler                              0x00000053   Thumb Code     2  startup_armcm0.o(.text)
    SVC_Handler                              0x00000055   Thumb Code     2  startup_armcm0.o(.text)
    PendSV_Handler                           0x00000057   Thumb Code     2  startup_armcm0.o(.text)
    SysTick_Handler                          0x00000059   Thumb Code     2  startup_armcm0.o(.text)
    __use_two_region_memory                  0x00000065   Thumb Code     2  heapauxi.o(.text)
    __rt_heap_escrow$2region                 0x00000067   Thumb Code     2  heapauxi.o(.text)
    __rt_heap_expand$2region                 0x00000069   Thumb Code     2  heapauxi.o(.text)
    _GKLmovementup                           0x000001f5   Thumb Code   124  main.o(BLG212PROJE)
    _GKLmovementdown                         0x00000271   Thumb Code   124  main.o(BLG212PROJE)
    _GKRmovementup                           0x000002ed   Thumb Code   122  main.o(BLG212PROJE)
    _GKRmovementdown                         0x00000367   Thumb Code   122  main.o(BLG212PROJE)
    __main                                   0x0000042d   Thumb Code    54  main.o(BLG212PROJE)
    Button_Handler                           0x000004cd   Thumb Code    90  startup_armcm0.o(button)
    _np                                      0x00000525   Thumb Code     0  startup_armcm0.o(button)
    __stack_limit                            0x20000000   Data           0  startup_armcm0.o(STACK)
    __initial_sp                             0x20000400   Data           0  startup_armcm0.o(STACK)



==============================================================================

Memory Map of the image

  Image Entry point : 0x00000045

  Load Region LR_1 (Base: 0x00000000, Size: 0x00000540, Max: 0xffffffff, ABSOLUTE)

    Execution Region ER_RO (Exec base: 0x00000000, Load base: 0x00000000, Size: 0x00000540, Max: 0xffffffff, ABSOLUTE)

    Exec Addr    Load Addr    Size         Type   Attr      Idx    E Section Name        Object

    0x00000000   0x00000000   0x00000044   Data   RO            8    RESET               startup_armcm0.o
    0x00000044   0x00000044   0x00000020   Code   RO           10  * .text               startup_armcm0.o
    0x00000064   0x00000064   0x00000006   Code   RO           32    .text               c_p.l(heapauxi.o)
    0x0000006a   0x0000006a   0x00000002   PAD
    0x0000006c   0x0000006c   0x00000460   Code   RO            1  * BLG212PROJE         main.o
    0x000004cc   0x000004cc   0x00000074   Code   RO           11    button              startup_armcm0.o


    Execution Region ER_RW (Exec base: 0x20000000, Load base: 0x00000540, Size: 0x00000000, Max: 0xffffffff, ABSOLUTE)

    **** No section assigned to this execution region ****


    Execution Region ER_ZI (Exec base: 0x20000000, Load base: 0x00000540, Size: 0x00000400, Max: 0xffffffff, ABSOLUTE)

    Exec Addr    Load Addr    Size         Type   Attr      Idx    E Section Name        Object

    0x20000000        -       0x00000400   Zero   RW            7    STACK               startup_armcm0.o


==============================================================================

Image component sizes


      Code (inc. data)   RO Data    RW Data    ZI Data      Debug   Object Name

      1120        106          0          0          0       1400   main.o
       148         36         68          0       1024        928   startup_armcm0.o

    ----------------------------------------------------------------------
      1268        142         68          0       1024       2328   Object Totals
         0          0          0          0          0          0   (incl. Generated)
         0          0          0          0          0          0   (incl. Padding)

    ----------------------------------------------------------------------

      Code (inc. data)   RO Data    RW Data    ZI Data      Debug   Library Member Name

         6          0          0          0          0        136   heapauxi.o

    ----------------------------------------------------------------------
         8          0          0          0          0        136   Library Totals
         2          0          0          0          0          0   (incl. Padding)

    ----------------------------------------------------------------------

      Code (inc. data)   RO Data    RW Data    ZI Data      Debug   Library Name

         6          0          0          0          0        136   c_p.l

    ----------------------------------------------------------------------
         8          0          0          0          0        136   Library Totals

    ----------------------------------------------------------------------

==============================================================================


      Code (inc. data)   RO Data    RW Data    ZI Data      Debug   

      1276        142         68          0       1024       2360   Grand Totals
      1276        142         68          0       1024       2360   ELF Image Totals
      1276        142         68          0          0          0   ROM Totals

==============================================================================

    Total RO  Size (Code + RO Data)                 1344 (   1.31kB)
    Total RW  Size (RW Data + ZI Data)              1024 (   1.00kB)
    Total ROM Size (Code + RO Data + RW Data)       1344 (   1.31kB)

==============================================================================

