<!doctype html public "-//w3c//dtd html 4.0 transitional//en">
<html><head>
<title>Static Call Graph - [.\Objects\ponggame.axf]</title></head>
<body><HR>
<H1>Static Call Graph for image .\Objects\ponggame.axf</H1><HR>
<BR><P>#&#060CALLGRAPH&#062# ARM Linker, 6160001: Last Updated: Sat Jun  5 00:04:45 2021
<BR><P>
<H3>Maximum Stack Usage =          0 bytes + Unknown(Functions without stacksize, Cycles, Untraceable Function Pointers)</H3><H3>
Call chain for Maximum Stack Depth:</H3>

<P>
<H3>
Functions with no stack information
</H3><UL>
 <LI><a href="#[1b]">_np</a>
</UL>
</UL>
<P>
<H3>
Mutually Recursive functions
</H3> <LI><a href="#[2]">HardFault_Handler</a>&nbsp;&nbsp;&nbsp;&rArr;&nbsp;&nbsp;&nbsp;<a href="#[2]">HardFault_Handler</a><BR>
 <LI><a href="#[1]">NMI_Handler</a>&nbsp;&nbsp;&nbsp;&rArr;&nbsp;&nbsp;&nbsp;<a href="#[1]">NMI_Handler</a><BR>
 <LI><a href="#[3]">SVC_Handler</a>&nbsp;&nbsp;&nbsp;&rArr;&nbsp;&nbsp;&nbsp;<a href="#[3]">SVC_Handler</a><BR>
 <LI><a href="#[4]">PendSV_Handler</a>&nbsp;&nbsp;&nbsp;&rArr;&nbsp;&nbsp;&nbsp;<a href="#[4]">PendSV_Handler</a><BR>
 <LI><a href="#[5]">SysTick_Handler</a>&nbsp;&nbsp;&nbsp;&rArr;&nbsp;&nbsp;&nbsp;<a href="#[5]">SysTick_Handler</a><BR>
</UL>
<P>
<H3>
Function Pointers
</H3><UL>
 <LI><a href="#[6]">Button_Handler</a> from startup_armcm0.o(button) referenced from startup_armcm0.o(RESET)
 <LI><a href="#[2]">HardFault_Handler</a> from startup_armcm0.o(.text) referenced from startup_armcm0.o(RESET)
 <LI><a href="#[1]">NMI_Handler</a> from startup_armcm0.o(.text) referenced from startup_armcm0.o(RESET)
 <LI><a href="#[4]">PendSV_Handler</a> from startup_armcm0.o(.text) referenced from startup_armcm0.o(RESET)
 <LI><a href="#[0]">Reset_Handler</a> from startup_armcm0.o(.text) referenced from main.o(BLG212PROJE)
 <LI><a href="#[0]">Reset_Handler</a> from startup_armcm0.o(.text) referenced from startup_armcm0.o(RESET)
 <LI><a href="#[3]">SVC_Handler</a> from startup_armcm0.o(.text) referenced from startup_armcm0.o(RESET)
 <LI><a href="#[5]">SysTick_Handler</a> from startup_armcm0.o(.text) referenced from startup_armcm0.o(RESET)
 <LI><a href="#[b]">_GKLmovementdown</a> from main.o(BLG212PROJE) referenced from startup_armcm0.o(button)
 <LI><a href="#[a]">_GKLmovementup</a> from main.o(BLG212PROJE) referenced from startup_armcm0.o(button)
 <LI><a href="#[9]">_GKRmovementdown</a> from main.o(BLG212PROJE) referenced from startup_armcm0.o(button)
 <LI><a href="#[8]">_GKRmovementup</a> from main.o(BLG212PROJE) referenced from startup_armcm0.o(button)
 <LI><a href="#[7]">__main</a> from main.o(BLG212PROJE) referenced from startup_armcm0.o(.text)
</UL>
<P>
<H3>
Global Symbols
</H3>
<P><STRONG><a name="[0]"></a>Reset_Handler</STRONG> (Thumb, 12 bytes, Stack size 0 bytes, startup_armcm0.o(.text))
<BR>[Address Reference Count : 2]<UL><LI> main.o(BLG212PROJE)
<LI> startup_armcm0.o(RESET)
</UL>
<P><STRONG><a name="[2]"></a>HardFault_Handler</STRONG> (Thumb, 2 bytes, Stack size 0 bytes, startup_armcm0.o(.text))
<BR><BR>[Calls]<UL><LI><a href="#[2]">&gt;&gt;</a>&nbsp;&nbsp;&nbsp;HardFault_Handler
</UL>
<BR>[Called By]<UL><LI><a href="#[2]">&gt;&gt;</a>&nbsp;&nbsp;&nbsp;HardFault_Handler
</UL>
<BR>[Address Reference Count : 1]<UL><LI> startup_armcm0.o(RESET)
</UL>
<P><STRONG><a name="[1]"></a>NMI_Handler</STRONG> (Thumb, 2 bytes, Stack size 0 bytes, startup_armcm0.o(.text))
<BR><BR>[Calls]<UL><LI><a href="#[1]">&gt;&gt;</a>&nbsp;&nbsp;&nbsp;NMI_Handler
</UL>
<BR>[Called By]<UL><LI><a href="#[1]">&gt;&gt;</a>&nbsp;&nbsp;&nbsp;NMI_Handler
</UL>
<BR>[Address Reference Count : 1]<UL><LI> startup_armcm0.o(RESET)
</UL>
<P><STRONG><a name="[3]"></a>SVC_Handler</STRONG> (Thumb, 2 bytes, Stack size 0 bytes, startup_armcm0.o(.text))
<BR><BR>[Calls]<UL><LI><a href="#[3]">&gt;&gt;</a>&nbsp;&nbsp;&nbsp;SVC_Handler
</UL>
<BR>[Called By]<UL><LI><a href="#[3]">&gt;&gt;</a>&nbsp;&nbsp;&nbsp;SVC_Handler
</UL>
<BR>[Address Reference Count : 1]<UL><LI> startup_armcm0.o(RESET)
</UL>
<P><STRONG><a name="[4]"></a>PendSV_Handler</STRONG> (Thumb, 2 bytes, Stack size 0 bytes, startup_armcm0.o(.text))
<BR><BR>[Calls]<UL><LI><a href="#[4]">&gt;&gt;</a>&nbsp;&nbsp;&nbsp;PendSV_Handler
</UL>
<BR>[Called By]<UL><LI><a href="#[4]">&gt;&gt;</a>&nbsp;&nbsp;&nbsp;PendSV_Handler
</UL>
<BR>[Address Reference Count : 1]<UL><LI> startup_armcm0.o(RESET)
</UL>
<P><STRONG><a name="[5]"></a>SysTick_Handler</STRONG> (Thumb, 2 bytes, Stack size 0 bytes, startup_armcm0.o(.text))
<BR><BR>[Calls]<UL><LI><a href="#[5]">&gt;&gt;</a>&nbsp;&nbsp;&nbsp;SysTick_Handler
</UL>
<BR>[Called By]<UL><LI><a href="#[5]">&gt;&gt;</a>&nbsp;&nbsp;&nbsp;SysTick_Handler
</UL>
<BR>[Address Reference Count : 1]<UL><LI> startup_armcm0.o(RESET)
</UL>
<P><STRONG><a name="[18]"></a>__use_two_region_memory</STRONG> (Thumb, 2 bytes, Stack size 0 bytes, heapauxi.o(.text), UNUSED)

<P><STRONG><a name="[19]"></a>__rt_heap_escrow$2region</STRONG> (Thumb, 2 bytes, Stack size 0 bytes, heapauxi.o(.text), UNUSED)

<P><STRONG><a name="[1a]"></a>__rt_heap_expand$2region</STRONG> (Thumb, 2 bytes, Stack size 0 bytes, heapauxi.o(.text), UNUSED)

<P><STRONG><a name="[a]"></a>_GKLmovementup</STRONG> (Thumb, 124 bytes, Stack size 0 bytes, main.o(BLG212PROJE))
<BR>[Address Reference Count : 1]<UL><LI> startup_armcm0.o(button)
</UL>
<P><STRONG><a name="[b]"></a>_GKLmovementdown</STRONG> (Thumb, 124 bytes, Stack size 0 bytes, main.o(BLG212PROJE))
<BR>[Address Reference Count : 1]<UL><LI> startup_armcm0.o(button)
</UL>
<P><STRONG><a name="[8]"></a>_GKRmovementup</STRONG> (Thumb, 122 bytes, Stack size 0 bytes, main.o(BLG212PROJE))
<BR>[Address Reference Count : 1]<UL><LI> startup_armcm0.o(button)
</UL>
<P><STRONG><a name="[9]"></a>_GKRmovementdown</STRONG> (Thumb, 122 bytes, Stack size 0 bytes, main.o(BLG212PROJE))
<BR>[Address Reference Count : 1]<UL><LI> startup_armcm0.o(button)
</UL>
<P><STRONG><a name="[7]"></a>__main</STRONG> (Thumb, 54 bytes, Stack size 0 bytes, main.o(BLG212PROJE))
<BR><BR>[Calls]<UL><LI><a href="#[15]">&gt;&gt;</a>&nbsp;&nbsp;&nbsp;_clear
<LI><a href="#[14]">&gt;&gt;</a>&nbsp;&nbsp;&nbsp;_delay
<LI><a href="#[13]">&gt;&gt;</a>&nbsp;&nbsp;&nbsp;_prepositiondeleter
<LI><a href="#[12]">&gt;&gt;</a>&nbsp;&nbsp;&nbsp;_coefR
<LI><a href="#[11]">&gt;&gt;</a>&nbsp;&nbsp;&nbsp;_coefC
<LI><a href="#[10]">&gt;&gt;</a>&nbsp;&nbsp;&nbsp;_ballmovement
<LI><a href="#[f]">&gt;&gt;</a>&nbsp;&nbsp;&nbsp;_creategkright
<LI><a href="#[e]">&gt;&gt;</a>&nbsp;&nbsp;&nbsp;_creategkleft
<LI><a href="#[d]">&gt;&gt;</a>&nbsp;&nbsp;&nbsp;_createball
<LI><a href="#[c]">&gt;&gt;</a>&nbsp;&nbsp;&nbsp;_DEFINITIONS
</UL>
<BR>[Address Reference Count : 1]<UL><LI> startup_armcm0.o(.text)
</UL>
<P><STRONG><a name="[6]"></a>Button_Handler</STRONG> (Thumb, 90 bytes, Stack size 0 bytes, startup_armcm0.o(button))
<BR>[Address Reference Count : 1]<UL><LI> startup_armcm0.o(RESET)
</UL>
<P><STRONG><a name="[1b]"></a>_np</STRONG> (Thumb, 0 bytes, Stack size unknown bytes, startup_armcm0.o(button), UNUSED)
<P>
<H3>
Local Symbols
</H3>
<P><STRONG><a name="[c]"></a>_DEFINITIONS</STRONG> (Thumb, 38 bytes, Stack size 0 bytes, main.o(BLG212PROJE))
<BR><BR>[Called By]<UL><LI><a href="#[7]">&gt;&gt;</a>&nbsp;&nbsp;&nbsp;__main
</UL>

<P><STRONG><a name="[d]"></a>_createball</STRONG> (Thumb, 38 bytes, Stack size 0 bytes, main.o(BLG212PROJE))
<BR><BR>[Called By]<UL><LI><a href="#[7]">&gt;&gt;</a>&nbsp;&nbsp;&nbsp;__main
</UL>

<P><STRONG><a name="[e]"></a>_creategkleft</STRONG> (Thumb, 42 bytes, Stack size 0 bytes, main.o(BLG212PROJE))
<BR><BR>[Called By]<UL><LI><a href="#[7]">&gt;&gt;</a>&nbsp;&nbsp;&nbsp;__main
</UL>

<P><STRONG><a name="[f]"></a>_creategkright</STRONG> (Thumb, 42 bytes, Stack size 0 bytes, main.o(BLG212PROJE))
<BR><BR>[Called By]<UL><LI><a href="#[7]">&gt;&gt;</a>&nbsp;&nbsp;&nbsp;__main
</UL>

<P><STRONG><a name="[10]"></a>_ballmovement</STRONG> (Thumb, 84 bytes, Stack size 0 bytes, main.o(BLG212PROJE))
<BR><BR>[Called By]<UL><LI><a href="#[7]">&gt;&gt;</a>&nbsp;&nbsp;&nbsp;__main
</UL>

<P><STRONG><a name="[11]"></a>_coefC</STRONG> (Thumb, 46 bytes, Stack size 0 bytes, main.o(BLG212PROJE))
<BR><BR>[Calls]<UL><LI><a href="#[17]">&gt;&gt;</a>&nbsp;&nbsp;&nbsp;_goalright
<LI><a href="#[16]">&gt;&gt;</a>&nbsp;&nbsp;&nbsp;_goalleft
</UL>
<BR>[Called By]<UL><LI><a href="#[7]">&gt;&gt;</a>&nbsp;&nbsp;&nbsp;__main
</UL>

<P><STRONG><a name="[12]"></a>_coefR</STRONG> (Thumb, 34 bytes, Stack size 0 bytes, main.o(BLG212PROJE))
<BR><BR>[Called By]<UL><LI><a href="#[7]">&gt;&gt;</a>&nbsp;&nbsp;&nbsp;__main
</UL>

<P><STRONG><a name="[13]"></a>_prepositiondeleter</STRONG> (Thumb, 48 bytes, Stack size 0 bytes, main.o(BLG212PROJE))
<BR><BR>[Called By]<UL><LI><a href="#[7]">&gt;&gt;</a>&nbsp;&nbsp;&nbsp;__main
</UL>

<P><STRONG><a name="[14]"></a>_delay</STRONG> (Thumb, 10 bytes, Stack size 0 bytes, main.o(BLG212PROJE))
<BR><BR>[Called By]<UL><LI><a href="#[7]">&gt;&gt;</a>&nbsp;&nbsp;&nbsp;__main
</UL>

<P><STRONG><a name="[15]"></a>_clear</STRONG> (Thumb, 10 bytes, Stack size 0 bytes, main.o(BLG212PROJE))
<BR><BR>[Called By]<UL><LI><a href="#[7]">&gt;&gt;</a>&nbsp;&nbsp;&nbsp;__main
</UL>

<P><STRONG><a name="[16]"></a>_goalleft</STRONG> (Thumb, 34 bytes, Stack size 0 bytes, main.o(BLG212PROJE))
<BR><BR>[Called By]<UL><LI><a href="#[11]">&gt;&gt;</a>&nbsp;&nbsp;&nbsp;_coefC
</UL>

<P><STRONG><a name="[17]"></a>_goalright</STRONG> (Thumb, 32 bytes, Stack size 0 bytes, main.o(BLG212PROJE))
<BR><BR>[Called By]<UL><LI><a href="#[11]">&gt;&gt;</a>&nbsp;&nbsp;&nbsp;_coefC
</UL>
<P>
<H3>
Undefined Global Symbols
</H3><HR></body></html>
